// Jest Snapshot v1, https://goo.gl/fbAQLP

exports[`ForgotPasswordForm page matches snapshot 1`] = `
<DocumentFragment>
  <div
    class="bg-light container-fluid d-flex justify-content-center align-items-center h-75"
  >
    <div
      class="container "
    >
      <h3
        class="text-center"
      >
        Forgot Password
      </h3>
      <div
        class="mt-5 card"
        style="border-radius: 15px; margin: auto;"
      >
        <form
          class="p-5"
        >
          <small
            class="text-secondary d-flex justify-content-center p-3"
          >
            Please enter the email address associated with this account
          </small>
          <div
            class="form-group"
          >
            <div
              class="input-group"
            >
              <div
                class="input-group-prepend"
              >
                <span
                  class="bg-white border-right-0 input-group-text"
                >
                  <img
                    alt="mail"
                    class="img-fluid"
                    height="20"
                    src="Mail.svg"
                    width="20"
                  />
                </span>
              </div>
              <input
                class="border-left-0 form-control"
                placeholder="Email"
                required=""
                type="email"
                value=""
              />
            </div>
          </div>
          <div
            class="d-flex align-items-center"
          >
            <a
              class="red-link"
              href="/"
            >
              Back to Login
            </a>
            <button
              class="ml-auto  btn btn-primary"
              style="border-radius: 20px;"
              type="submit"
            >
              Retrieve
            </button>
          </div>
        </form>
      </div>
    </div>
  </div>
</DocumentFragment>
`;
