// Jest Snapshot v1, https://goo.gl/fbAQLP

exports[`Navigation page matches snapshot 1`] = `
<DocumentFragment>
  <div
    class="fixed-top bg-white border-bottom"
    style="z-index: 9999999;"
  >
    <div
      class="container"
    >
      <nav
        class="navbar navbar-expand-md navbar-light"
      >
        <a
          class="navbar-brand"
          href="/"
        >
          <img
            alt="Tomati.app"
            class="img-fluid d-inline-block align-top"
            height="50"
            src="Logo.svg"
            width="150"
          />
        </a>
        <button
          aria-controls="basic-navbar-nav"
          aria-label="Toggle navigation"
          class="border-0 navbar-toggler collapsed"
          type="button"
        >
          <img
            alt="toggle"
            height="50"
            src="toggle.svg"
            width="50"
          />
        </button>
        <div
          class="navbar-collapse collapse"
          id="basic-navbar-nav"
        >
          <div
            class="ml-auto navbar-nav"
            style="font-size: smaller;"
          />
        </div>
      </nav>
    </div>
  </div>
</DocumentFragment>
`;
