// Jest Snapshot v1, https://goo.gl/fbAQLP

exports[`PasswordTextField page matches snapshot 1`] = `
<DocumentFragment>
  <div
    class="input-group"
  >
    <input
      class="form-control border-right-0"
      type="password"
    />
    <div
      class="input-group-append"
    >
      <div
        style="display: flex; justify-content: center; align-items: center; width: 60px; border: 1px solid #ced4da; border-top-right-radius: 5px; border-bottom-right-radius: 5px; background-color: transparent; cursor: pointer;"
      >
        <small>
          Show
        </small>
      </div>
    </div>
  </div>
</DocumentFragment>
`;
