// Jest Snapshot v1, https://goo.gl/fbAQLP

exports[`About page matches snapshot 1`] = `
<DocumentFragment>
  <div
    class="card bg-white border p-5 mt-2"
  >
    <div
      class="d-flex align-items-center"
    >
      <div
        class="mr-auto"
      >
        <label>
          Menu Name
        </label>
        <div
          class="form-group"
        >
          <input
            class="form-control"
            name="name"
            required=""
            type="text"
            value=""
          />
        </div>
        <label>
          Phone Number
        </label>
        <div
          class="form-group"
        >
          <input
            class="form-control"
            name="phone_number"
            required=""
            type="text"
            value=""
          />
        </div>
        <label>
          Description
        </label>
        <div
          class="form-group"
        >
          <textarea
            class="form-control"
            maxlength="144"
            name="description"
            required=""
            rows="3"
            type="text"
          />
        </div>
        <label>
          Address
        </label>
        <div
          class="form-group"
        >
          <textarea
            class="form-control"
            name="address"
            required=""
            rows="3"
            type="text"
          />
        </div>
        <button
          class="btn btn-danger rounded-pill"
        >
          Save
        </button>
      </div>
    </div>
  </div>
</DocumentFragment>
`;
